../Core/Src/main.c:79:5:main	8	static
../Core/Src/main.c:135:6:SystemClock_Config	128	static
../Core/Src/main.c:189:13:SystemPower_Config	8	static
../Core/Src/main.c:209:13:MX_FDCAN1_Init	40	static
../Core/Src/main.c:288:13:MX_I2C3_Init	8	static
../Core/Src/main.c:336:13:MX_ICACHE_Init	8	static
../Core/Src/main.c:368:13:MX_TIM1_Init	40	static
../Core/Src/main.c:418:13:MX_USART1_UART_Init	8	static
../Core/Src/main.c:466:13:MX_GPIO_Init	64	static
../Core/Src/main.c:754:6:Error_Handler	4	static,ignoring_inline_asm
